// Jest Snapshot v1, https://goo.gl/fbAQLP

exports[`Components Back Android should renders correctly 1`] = `
<TouchableWithoutFeedback
  onPress={[MockFunction]}
>
  <Icon
    allowFontScaling={false}
    color="black"
    name="close"
    size={38}
    style={
      Object {
        "position": "absolute",
        "right": 8,
        "top": 8,
      }
    }
  />
</TouchableWithoutFeedback>
`;
